// Jest Snapshot v1, https://goo.gl/fbAQLP

exports[`HomeScreen renders correctly 1`] = `
<View
  style={
    Object {
      "flexGrow": 1,
      "justifyContent": "center",
    }
  }
>
  <Image
    source="test-file-stub"
    style={
      Object {
        "width": "100%",
      }
    }
  />
</View>
`;
